nohup: ignoring input
Retrieving speedtest.net configuration...
Retrieving speedtest.net server list...
Testing from HiNet (211.20.7.115)...
Selecting best server based on latency...
Hosted by Chief Telecom (Tainan) [3.18 km]: 10.948 ms
Testing download speed........................................
Download: 91.05 Mbit/s
Testing upload speed..................................................
Upload: 85.99 Mbit/s
